Copyright 1986-2019 Xilinx, Inc. All Rights Reserved.
-------------------------------------------------------------------------------------------
| Tool Version : Vivado v.2019.1 (win64) Build 2552052 Fri May 24 14:49:42 MDT 2019
| Date         : Thu Mar 12 00:25:54 2026
| Host         : HAMSTER running 64-bit major release  (build 9200)
| Command      : report_control_sets -verbose -file system_wrapper_control_sets_placed.rpt
| Design       : system_wrapper
| Device       : xc7z020
-------------------------------------------------------------------------------------------

Control Set Information

Table of Contents
-----------------
1. Summary
2. Histogram
3. Flip-Flop Distribution
4. Detailed Control Set Information

1. Summary
----------

+----------------------------------------------------------+-------+
|                          Status                          | Count |
+----------------------------------------------------------+-------+
| Total control sets                                       |   123 |
|    Minimum number of control sets                        |   123 |
|    Addition due to synthesis replication                 |     0 |
|    Addition due to physical synthesis replication        |     0 |
| Unused register locations in slices containing registers |   116 |
+----------------------------------------------------------+-------+
* Control sets can be merged at opt_design using control_set_merge or merge_equivalent_drivers
** Run report_qor_suggestions for automated merging and remapping suggestions


2. Histogram
------------

+--------------------+-------+
|       Fanout       | Count |
+--------------------+-------+
| Total control sets |   123 |
| >= 0 to < 4        |     1 |
| >= 4 to < 6        |    10 |
| >= 6 to < 8        |     3 |
| >= 8 to < 10       |     7 |
| >= 10 to < 12      |     2 |
| >= 12 to < 14      |     1 |
| >= 14 to < 16      |     3 |
| >= 16              |    96 |
+--------------------+-------+
* Control sets can be remapped at either synth_design or opt_design


3. Flip-Flop Distribution
-------------------------

+--------------+-----------------------+------------------------+-----------------+--------------+
| Clock Enable | Synchronous Set/Reset | Asynchronous Set/Reset | Total Registers | Total Slices |
+--------------+-----------------------+------------------------+-----------------+--------------+
| No           | No                    | No                     |             149 |           53 |
| No           | No                    | Yes                    |              34 |           17 |
| No           | Yes                   | No                     |              48 |           26 |
| Yes          | No                    | No                     |            2334 |         1200 |
| Yes          | No                    | Yes                    |            1793 |          619 |
| Yes          | Yes                   | No                     |            1494 |          525 |
+--------------+-----------------------+------------------------+-----------------+--------------+


4. Detailed Control Set Information
-----------------------------------

+-----------------------------------------------+--------------------------------------------------------------------------------------------------------------------------------------------------------------+-----------------------------------------------------------------------------------------------------------------------------------------------------+------------------+----------------+
|                  Clock Signal                 |                                                                         Enable Signal                                                                        |                                                                   Set/Reset Signal                                                                  | Slice Load Count | Bel Load Count |
+-----------------------------------------------+--------------------------------------------------------------------------------------------------------------------------------------------------------------+-----------------------------------------------------------------------------------------------------------------------------------------------------+------------------+----------------+
|  system_i/processing_system7_0/inst/FCLK_CLK0 | system_i/ps7_0_axi_periph/s00_couplers/auto_pc/inst/gen_axilite.gen_b2s_conv.axilite_b2s/WR.b_channel_0/bid_fifo_0/bresp_push                                |                                                                                                                                                     |                1 |              2 |
|  system_i/processing_system7_0/inst/FCLK_CLK0 |                                                                                                                                                              | system_i/rst_ps7_0_50M/U0/EXT_LPF/lpf_int                                                                                                           |                3 |              4 |
|  system_i/processing_system7_0/inst/FCLK_CLK0 |                                                                                                                                                              | system_i/ps7_0_axi_periph/s00_couplers/auto_pc/inst/gen_axilite.gen_b2s_conv.axilite_b2s/SI_REG/ar.ar_pipe/aresetn_d_reg[1]_inv_0                   |                2 |              4 |
|  system_i/processing_system7_0/inst/FCLK_CLK0 |                                                                                                                                                              | system_i/ps7_0_axi_periph/s00_couplers/auto_pc/inst/gen_axilite.gen_b2s_conv.axilite_b2s/SI_REG/aw.aw_pipe/aresetn_d_reg[0]_0                       |                1 |              4 |
|  system_i/processing_system7_0/inst/FCLK_CLK0 | system_i/axi_aes_0/inst/u_aes/u_aes_core/round_cnt                                                                                                           | system_i/axi_aes_0/inst/u_aes/p_0_in                                                                                                                |                1 |              4 |
|  system_i/processing_system7_0/inst/FCLK_CLK0 | system_i/axi_aes_0/inst/S_AXI_ARREADY0                                                                                                                       | system_i/axi_aes_0/inst/u_aes/p_0_in                                                                                                                |                1 |              5 |
|  system_i/processing_system7_0/inst/FCLK_CLK0 | system_i/axi_aes_0/inst/S_AXI_AWREADY0                                                                                                                       | system_i/axi_aes_0/inst/u_aes/p_0_in                                                                                                                |                2 |              5 |
|  system_i/processing_system7_0/inst/FCLK_CLK0 | system_i/ps7_0_axi_periph/s00_couplers/auto_pc/inst/gen_axilite.gen_b2s_conv.axilite_b2s/RD.ar_channel_0/ar_cmd_fsm_0/FSM_sequential_state_reg[0]_0          | system_i/ps7_0_axi_periph/s00_couplers/auto_pc/inst/gen_axilite.gen_b2s_conv.axilite_b2s/RD.ar_channel_0/ar_cmd_fsm_0/FSM_sequential_state_reg[1]_0 |                2 |              5 |
|  system_i/processing_system7_0/inst/FCLK_CLK0 | system_i/ps7_0_axi_periph/s00_couplers/auto_pc/inst/gen_axilite.gen_b2s_conv.axilite_b2s/WR.aw_channel_0/aw_cmd_fsm_0/state_reg[0]_1                         | system_i/ps7_0_axi_periph/s00_couplers/auto_pc/inst/gen_axilite.gen_b2s_conv.axilite_b2s/WR.aw_channel_0/aw_cmd_fsm_0/state_reg[0]_0                |                3 |              5 |
|  system_i/processing_system7_0/inst/FCLK_CLK0 | system_i/ps7_0_axi_periph/s00_couplers/auto_pc/inst/gen_axilite.gen_b2s_conv.axilite_b2s/RD.r_channel_0/transaction_fifo_0/cnt_read[4]_i_1_n_0               | system_i/ps7_0_axi_periph/s00_couplers/auto_pc/inst/gen_axilite.gen_b2s_conv.axilite_b2s/areset_d1                                                  |                2 |              5 |
|  system_i/processing_system7_0/inst/FCLK_CLK0 | system_i/ps7_0_axi_periph/s00_couplers/auto_pc/inst/gen_axilite.gen_b2s_conv.axilite_b2s/RD.r_channel_0/transaction_fifo_0/E[0]                              | system_i/ps7_0_axi_periph/s00_couplers/auto_pc/inst/gen_axilite.gen_b2s_conv.axilite_b2s/areset_d1                                                  |                2 |              5 |
|  system_i/processing_system7_0/inst/FCLK_CLK0 | system_i/axi_hmac_0/inst/S_AXI_AWREADY0                                                                                                                      | system_i/axi_hmac_0/inst/u_hmac/u_sha1/ACTIVE_LOW_PR_OUT_DFF[0].FDRE_PER_N                                                                          |                2 |              6 |
|  system_i/processing_system7_0/inst/FCLK_CLK0 | system_i/rst_ps7_0_50M/U0/SEQ/seq_cnt_en                                                                                                                     | system_i/rst_ps7_0_50M/U0/SEQ/SEQ_COUNTER/clear                                                                                                     |                1 |              6 |
|  system_i/processing_system7_0/inst/FCLK_CLK0 | system_i/axi_hmac_0/inst/S_AXI_ARREADY0                                                                                                                      | system_i/axi_hmac_0/inst/u_hmac/u_sha1/ACTIVE_LOW_PR_OUT_DFF[0].FDRE_PER_N                                                                          |                2 |              6 |
|  system_i/processing_system7_0/inst/FCLK_CLK0 | system_i/axi_hmac_0/inst/reg_msg_len                                                                                                                         | system_i/axi_hmac_0/inst/u_hmac/u_sha1/ACTIVE_LOW_PR_OUT_DFF[0].FDRE_PER_N                                                                          |                2 |              8 |
|  system_i/processing_system7_0/inst/FCLK_CLK0 | system_i/ps7_0_axi_periph/s00_couplers/auto_pc/inst/gen_axilite.gen_b2s_conv.axilite_b2s/WR.b_channel_0/mhandshake_r                                         | system_i/ps7_0_axi_periph/s00_couplers/auto_pc/inst/gen_axilite.gen_b2s_conv.axilite_b2s/WR.b_channel_0/bid_fifo_0/SR[0]                            |                2 |              8 |
|  system_i/processing_system7_0/inst/FCLK_CLK0 | system_i/ps7_0_axi_periph/s00_couplers/auto_pc/inst/gen_axilite.gen_b2s_conv.axilite_b2s/WR.aw_channel_0/aw_cmd_fsm_0/E[0]                                   |                                                                                                                                                     |                4 |              8 |
|  system_i/processing_system7_0/inst/FCLK_CLK0 | system_i/ps7_0_axi_periph/s00_couplers/auto_pc/inst/gen_axilite.gen_b2s_conv.axilite_b2s/WR.aw_channel_0/cmd_translator_0/incr_cmd_0/axaddr_incr[11]_i_1_n_0 |                                                                                                                                                     |                2 |              8 |
|  system_i/processing_system7_0/inst/FCLK_CLK0 | system_i/ps7_0_axi_periph/s00_couplers/auto_pc/inst/gen_axilite.gen_b2s_conv.axilite_b2s/RD.ar_channel_0/ar_cmd_fsm_0/FSM_sequential_state_reg[1]_2[0]       |                                                                                                                                                     |                4 |              8 |
|  system_i/processing_system7_0/inst/FCLK_CLK0 | system_i/ps7_0_axi_periph/s00_couplers/auto_pc/inst/gen_axilite.gen_b2s_conv.axilite_b2s/RD.ar_channel_0/ar_cmd_fsm_0/E[0]                                   |                                                                                                                                                     |                3 |              8 |
|  system_i/processing_system7_0/inst/FCLK_CLK0 | system_i/axi_aes_0/inst/u_aes/u_key_expand/expand_cnt[3]_i_1_n_0                                                                                             | system_i/axi_aes_0/inst/u_aes/p_0_in                                                                                                                |                3 |              9 |
|  system_i/processing_system7_0/inst/FCLK_CLK0 |                                                                                                                                                              | system_i/ps7_0_axi_periph/s00_couplers/auto_pc/inst/gen_axilite.gen_b2s_conv.axilite_b2s/areset_d1                                                  |                6 |             10 |
|  system_i/processing_system7_0/inst/FCLK_CLK0 |                                                                                                                                                              | system_i/ps7_0_axi_periph/xbar/inst/gen_sasd.crossbar_sasd_0/addr_arbiter_inst/SR[0]                                                                |                5 |             11 |
|  system_i/processing_system7_0/inst/FCLK_CLK0 | system_i/ps7_0_axi_periph/s00_couplers/auto_pc/inst/gen_axilite.gen_b2s_conv.axilite_b2s/RD.r_channel_0/r_push_r                                             |                                                                                                                                                     |                4 |             13 |
|  system_i/processing_system7_0/inst/FCLK_CLK0 | system_i/ps7_0_axi_periph/s00_couplers/auto_pc/inst/gen_axilite.gen_b2s_conv.axilite_b2s/SI_REG/b.b_pipe/p_1_in                                              |                                                                                                                                                     |                2 |             14 |
|  system_i/processing_system7_0/inst/FCLK_CLK0 | system_i/ps7_0_axi_periph/s00_couplers/auto_pc/inst/gen_axilite.gen_b2s_conv.axilite_b2s/SI_REG/b.b_pipe/s_ready_i_reg_0                                     |                                                                                                                                                     |                3 |             14 |
|  system_i/processing_system7_0/inst/FCLK_CLK0 | system_i/ps7_0_axi_periph/xbar/inst/gen_sasd.crossbar_sasd_0/reg_slice_r/aa_rready                                                                           |                                                                                                                                                     |                9 |             15 |
|  system_i/processing_system7_0/inst/FCLK_CLK0 | system_i/ps7_0_axi_periph/s00_couplers/auto_pc/inst/gen_axilite.gen_b2s_conv.axilite_b2s/WR.aw_channel_0/aw_cmd_fsm_0/b_push                                 |                                                                                                                                                     |                3 |             16 |
|  system_i/processing_system7_0/inst/FCLK_CLK0 | system_i/ps7_0_axi_periph/s00_couplers/auto_pc/inst/gen_axilite.gen_b2s_conv.axilite_b2s/RD.ar_channel_0/ar_cmd_fsm_0/FSM_sequential_state_reg[0]_0          |                                                                                                                                                     |               10 |             17 |
|  system_i/processing_system7_0/inst/FCLK_CLK0 | system_i/ps7_0_axi_periph/s00_couplers/auto_pc/inst/gen_axilite.gen_b2s_conv.axilite_b2s/WR.aw_channel_0/aw_cmd_fsm_0/state_reg[0]_1                         |                                                                                                                                                     |                7 |             17 |
|  system_i/processing_system7_0/inst/FCLK_CLK0 |                                                                                                                                                              | system_i/axi_aes_0/inst/u_aes/p_0_in                                                                                                                |               10 |             18 |
|  system_i/processing_system7_0/inst/FCLK_CLK0 | system_i/ps7_0_axi_periph/xbar/inst/gen_sasd.crossbar_sasd_0/addr_arbiter_inst/p_0_in1_in                                                                    | system_i/ps7_0_axi_periph/xbar/inst/gen_sasd.crossbar_sasd_0/addr_arbiter_inst/SR[0]                                                                |                9 |             22 |
|  system_i/processing_system7_0/inst/FCLK_CLK0 |                                                                                                                                                              | system_i/axi_hmac_0/inst/u_hmac/u_sha1/ACTIVE_LOW_PR_OUT_DFF[0].FDRE_PER_N                                                                          |               16 |             31 |
|  system_i/processing_system7_0/inst/FCLK_CLK0 | system_i/axi_aes_0/inst/S_AXI_ARREADY                                                                                                                        | system_i/axi_aes_0/inst/u_aes/p_0_in                                                                                                                |               13 |             32 |
|  system_i/processing_system7_0/inst/FCLK_CLK0 | system_i/axi_aes_0/inst/reg_din[1][31]_i_1_n_0                                                                                                               | system_i/axi_aes_0/inst/u_aes/p_0_in                                                                                                                |                8 |             32 |
|  system_i/processing_system7_0/inst/FCLK_CLK0 | system_i/axi_aes_0/inst/reg_din[3][31]_i_1_n_0                                                                                                               | system_i/axi_aes_0/inst/u_aes/p_0_in                                                                                                                |                9 |             32 |
|  system_i/processing_system7_0/inst/FCLK_CLK0 | system_i/axi_aes_0/inst/reg_iv[3][31]_i_1_n_0                                                                                                                | system_i/axi_aes_0/inst/u_aes/p_0_in                                                                                                                |               12 |             32 |
|  system_i/processing_system7_0/inst/FCLK_CLK0 | system_i/axi_aes_0/inst/reg_key[3][31]_i_1_n_0                                                                                                               | system_i/axi_aes_0/inst/u_aes/p_0_in                                                                                                                |               12 |             32 |
|  system_i/processing_system7_0/inst/FCLK_CLK0 | system_i/axi_aes_0/inst/reg_iv[2][31]_i_1_n_0                                                                                                                | system_i/axi_aes_0/inst/u_aes/p_0_in                                                                                                                |               15 |             32 |
|  system_i/processing_system7_0/inst/FCLK_CLK0 | system_i/axi_aes_0/inst/reg_din                                                                                                                              | system_i/axi_aes_0/inst/u_aes/p_0_in                                                                                                                |                6 |             32 |
|  system_i/processing_system7_0/inst/FCLK_CLK0 | system_i/axi_aes_0/inst/reg_key[1][31]_i_1_n_0                                                                                                               | system_i/axi_aes_0/inst/u_aes/p_0_in                                                                                                                |               16 |             32 |
|  system_i/processing_system7_0/inst/FCLK_CLK0 | system_i/axi_aes_0/inst/reg_key                                                                                                                              | system_i/axi_aes_0/inst/u_aes/p_0_in                                                                                                                |               14 |             32 |
|  system_i/processing_system7_0/inst/FCLK_CLK0 | system_i/axi_aes_0/inst/reg_iv                                                                                                                               | system_i/axi_aes_0/inst/u_aes/p_0_in                                                                                                                |                7 |             32 |
|  system_i/processing_system7_0/inst/FCLK_CLK0 | system_i/axi_aes_0/inst/reg_iv[1][31]_i_1_n_0                                                                                                                | system_i/axi_aes_0/inst/u_aes/p_0_in                                                                                                                |               11 |             32 |
|  system_i/processing_system7_0/inst/FCLK_CLK0 | system_i/axi_aes_0/inst/reg_key[2][31]_i_1_n_0                                                                                                               | system_i/axi_aes_0/inst/u_aes/p_0_in                                                                                                                |               13 |             32 |
|  system_i/processing_system7_0/inst/FCLK_CLK0 | system_i/axi_hmac_0/inst/u_hmac/u_sha1/w[14][31]_i_1_n_0                                                                                                     |                                                                                                                                                     |               16 |             32 |
|  system_i/processing_system7_0/inst/FCLK_CLK0 | system_i/axi_hmac_0/inst/u_hmac/u_sha1/w[15][31]_i_1_n_0                                                                                                     |                                                                                                                                                     |               16 |             32 |
|  system_i/processing_system7_0/inst/FCLK_CLK0 | system_i/axi_hmac_0/inst/u_hmac/u_sha1/w[1][31]_i_1_n_0                                                                                                      |                                                                                                                                                     |               14 |             32 |
|  system_i/processing_system7_0/inst/FCLK_CLK0 | system_i/axi_hmac_0/inst/u_hmac/u_sha1/w[2][31]_i_1_n_0                                                                                                      |                                                                                                                                                     |               13 |             32 |
|  system_i/processing_system7_0/inst/FCLK_CLK0 | system_i/axi_hmac_0/inst/u_hmac/u_sha1/w[3][31]_i_1_n_0                                                                                                      |                                                                                                                                                     |               14 |             32 |
|  system_i/processing_system7_0/inst/FCLK_CLK0 | system_i/axi_hmac_0/inst/u_hmac/u_sha1/w[4][31]_i_1_n_0                                                                                                      |                                                                                                                                                     |               15 |             32 |
|  system_i/processing_system7_0/inst/FCLK_CLK0 | system_i/axi_hmac_0/inst/u_hmac/u_sha1/w[0][31]_i_1_n_0                                                                                                      |                                                                                                                                                     |               17 |             32 |
|  system_i/processing_system7_0/inst/FCLK_CLK0 | system_i/axi_hmac_0/inst/u_hmac/u_sha1/w[10][31]_i_1_n_0                                                                                                     |                                                                                                                                                     |               12 |             32 |
|  system_i/processing_system7_0/inst/FCLK_CLK0 | system_i/axi_hmac_0/inst/u_hmac/u_sha1/w[11][31]_i_1_n_0                                                                                                     |                                                                                                                                                     |               17 |             32 |
|  system_i/processing_system7_0/inst/FCLK_CLK0 | system_i/axi_hmac_0/inst/u_hmac/u_sha1/w[12][31]_i_1_n_0                                                                                                     |                                                                                                                                                     |               16 |             32 |
|  system_i/processing_system7_0/inst/FCLK_CLK0 | system_i/axi_hmac_0/inst/u_hmac/u_sha1/w[13][31]_i_1_n_0                                                                                                     |                                                                                                                                                     |               15 |             32 |
|  system_i/processing_system7_0/inst/FCLK_CLK0 | system_i/axi_hmac_0/inst/u_hmac/u_sha1/w[5][31]_i_1_n_0                                                                                                      |                                                                                                                                                     |               17 |             32 |
|  system_i/processing_system7_0/inst/FCLK_CLK0 | system_i/axi_hmac_0/inst/u_hmac/u_sha1/w[6][31]_i_1_n_0                                                                                                      |                                                                                                                                                     |               16 |             32 |
|  system_i/processing_system7_0/inst/FCLK_CLK0 | system_i/axi_hmac_0/inst/u_hmac/u_sha1/w[7][31]_i_1_n_0                                                                                                      |                                                                                                                                                     |               17 |             32 |
|  system_i/processing_system7_0/inst/FCLK_CLK0 | system_i/axi_hmac_0/inst/u_hmac/u_sha1/w[9][31]_i_1_n_0                                                                                                      |                                                                                                                                                     |               18 |             32 |
|  system_i/processing_system7_0/inst/FCLK_CLK0 | system_i/axi_hmac_0/inst/u_hmac/u_sha1/w[8][31]_i_1_n_0                                                                                                      |                                                                                                                                                     |               19 |             32 |
|  system_i/processing_system7_0/inst/FCLK_CLK0 | system_i/axi_hmac_0/inst/reg_key[4][31]_i_1_n_0                                                                                                              | system_i/axi_hmac_0/inst/u_hmac/u_sha1/ACTIVE_LOW_PR_OUT_DFF[0].FDRE_PER_N                                                                          |                9 |             32 |
|  system_i/processing_system7_0/inst/FCLK_CLK0 | system_i/axi_hmac_0/inst/S_AXI_ARREADY                                                                                                                       | system_i/axi_hmac_0/inst/u_hmac/u_sha1/ACTIVE_LOW_PR_OUT_DFF[0].FDRE_PER_N                                                                          |               13 |             32 |
|  system_i/processing_system7_0/inst/FCLK_CLK0 | system_i/axi_hmac_0/inst/reg_key[11][31]_i_1_n_0                                                                                                             | system_i/axi_hmac_0/inst/u_hmac/u_sha1/ACTIVE_LOW_PR_OUT_DFF[0].FDRE_PER_N                                                                          |               12 |             32 |
|  system_i/processing_system7_0/inst/FCLK_CLK0 | system_i/axi_hmac_0/inst/reg_msg[4][31]_i_1_n_0                                                                                                              | system_i/axi_hmac_0/inst/u_hmac/u_sha1/ACTIVE_LOW_PR_OUT_DFF[0].FDRE_PER_N                                                                          |               13 |             32 |
|  system_i/processing_system7_0/inst/FCLK_CLK0 | system_i/axi_hmac_0/inst/reg_key                                                                                                                             | system_i/axi_hmac_0/inst/u_hmac/u_sha1/ACTIVE_LOW_PR_OUT_DFF[0].FDRE_PER_N                                                                          |                8 |             32 |
|  system_i/processing_system7_0/inst/FCLK_CLK0 | system_i/axi_hmac_0/inst/reg_key[13][31]_i_1_n_0                                                                                                             | system_i/axi_hmac_0/inst/u_hmac/u_sha1/ACTIVE_LOW_PR_OUT_DFF[0].FDRE_PER_N                                                                          |               11 |             32 |
|  system_i/processing_system7_0/inst/FCLK_CLK0 | system_i/axi_hmac_0/inst/reg_key[6][31]_i_1_n_0                                                                                                              | system_i/axi_hmac_0/inst/u_hmac/u_sha1/ACTIVE_LOW_PR_OUT_DFF[0].FDRE_PER_N                                                                          |                7 |             32 |
|  system_i/processing_system7_0/inst/FCLK_CLK0 | system_i/axi_hmac_0/inst/reg_msg[6][31]_i_1_n_0                                                                                                              | system_i/axi_hmac_0/inst/u_hmac/u_sha1/ACTIVE_LOW_PR_OUT_DFF[0].FDRE_PER_N                                                                          |                9 |             32 |
|  system_i/processing_system7_0/inst/FCLK_CLK0 | system_i/axi_hmac_0/inst/reg_key[10][31]_i_1_n_0                                                                                                             | system_i/axi_hmac_0/inst/u_hmac/u_sha1/ACTIVE_LOW_PR_OUT_DFF[0].FDRE_PER_N                                                                          |               15 |             32 |
|  system_i/processing_system7_0/inst/FCLK_CLK0 | system_i/axi_hmac_0/inst/reg_key[15][31]_i_1_n_0                                                                                                             | system_i/axi_hmac_0/inst/u_hmac/u_sha1/ACTIVE_LOW_PR_OUT_DFF[0].FDRE_PER_N                                                                          |               10 |             32 |
|  system_i/processing_system7_0/inst/FCLK_CLK0 | system_i/axi_hmac_0/inst/reg_key[1][31]_i_1_n_0                                                                                                              | system_i/axi_hmac_0/inst/u_hmac/u_sha1/ACTIVE_LOW_PR_OUT_DFF[0].FDRE_PER_N                                                                          |               10 |             32 |
|  system_i/processing_system7_0/inst/FCLK_CLK0 | system_i/axi_hmac_0/inst/reg_msg[5][31]_i_1_n_0                                                                                                              | system_i/axi_hmac_0/inst/u_hmac/u_sha1/ACTIVE_LOW_PR_OUT_DFF[0].FDRE_PER_N                                                                          |               12 |             32 |
|  system_i/processing_system7_0/inst/FCLK_CLK0 | system_i/axi_hmac_0/inst/reg_msg[7][31]_i_1_n_0                                                                                                              | system_i/axi_hmac_0/inst/u_hmac/u_sha1/ACTIVE_LOW_PR_OUT_DFF[0].FDRE_PER_N                                                                          |               11 |             32 |
|  system_i/processing_system7_0/inst/FCLK_CLK0 | system_i/axi_hmac_0/inst/reg_msg[8][31]_i_1_n_0                                                                                                              | system_i/axi_hmac_0/inst/u_hmac/u_sha1/ACTIVE_LOW_PR_OUT_DFF[0].FDRE_PER_N                                                                          |               15 |             32 |
|  system_i/processing_system7_0/inst/FCLK_CLK0 | system_i/axi_hmac_0/inst/reg_msg[9][31]_i_1_n_0                                                                                                              | system_i/axi_hmac_0/inst/u_hmac/u_sha1/ACTIVE_LOW_PR_OUT_DFF[0].FDRE_PER_N                                                                          |               13 |             32 |
|  system_i/processing_system7_0/inst/FCLK_CLK0 | system_i/axi_hmac_0/inst/reg_msg[3][31]_i_1_n_0                                                                                                              | system_i/axi_hmac_0/inst/u_hmac/u_sha1/ACTIVE_LOW_PR_OUT_DFF[0].FDRE_PER_N                                                                          |               12 |             32 |
|  system_i/processing_system7_0/inst/FCLK_CLK0 | system_i/axi_hmac_0/inst/reg_key[12][31]_i_1_n_0                                                                                                             | system_i/axi_hmac_0/inst/u_hmac/u_sha1/ACTIVE_LOW_PR_OUT_DFF[0].FDRE_PER_N                                                                          |               12 |             32 |
|  system_i/processing_system7_0/inst/FCLK_CLK0 | system_i/axi_hmac_0/inst/reg_msg                                                                                                                             | system_i/axi_hmac_0/inst/u_hmac/u_sha1/ACTIVE_LOW_PR_OUT_DFF[0].FDRE_PER_N                                                                          |                8 |             32 |
|  system_i/processing_system7_0/inst/FCLK_CLK0 | system_i/axi_hmac_0/inst/reg_msg[2][31]_i_1_n_0                                                                                                              | system_i/axi_hmac_0/inst/u_hmac/u_sha1/ACTIVE_LOW_PR_OUT_DFF[0].FDRE_PER_N                                                                          |                9 |             32 |
|  system_i/processing_system7_0/inst/FCLK_CLK0 | system_i/axi_hmac_0/inst/reg_key[7][31]_i_1_n_0                                                                                                              | system_i/axi_hmac_0/inst/u_hmac/u_sha1/ACTIVE_LOW_PR_OUT_DFF[0].FDRE_PER_N                                                                          |               12 |             32 |
|  system_i/processing_system7_0/inst/FCLK_CLK0 | system_i/axi_hmac_0/inst/reg_msg[1][31]_i_1_n_0                                                                                                              | system_i/axi_hmac_0/inst/u_hmac/u_sha1/ACTIVE_LOW_PR_OUT_DFF[0].FDRE_PER_N                                                                          |               10 |             32 |
|  system_i/processing_system7_0/inst/FCLK_CLK0 | system_i/axi_hmac_0/inst/reg_key[14][31]_i_1_n_0                                                                                                             | system_i/axi_hmac_0/inst/u_hmac/u_sha1/ACTIVE_LOW_PR_OUT_DFF[0].FDRE_PER_N                                                                          |               12 |             32 |
|  system_i/processing_system7_0/inst/FCLK_CLK0 | system_i/axi_hmac_0/inst/reg_key[5][31]_i_1_n_0                                                                                                              | system_i/axi_hmac_0/inst/u_hmac/u_sha1/ACTIVE_LOW_PR_OUT_DFF[0].FDRE_PER_N                                                                          |                9 |             32 |
|  system_i/processing_system7_0/inst/FCLK_CLK0 | system_i/axi_hmac_0/inst/reg_key[8][31]_i_1_n_0                                                                                                              | system_i/axi_hmac_0/inst/u_hmac/u_sha1/ACTIVE_LOW_PR_OUT_DFF[0].FDRE_PER_N                                                                          |               15 |             32 |
|  system_i/processing_system7_0/inst/FCLK_CLK0 | system_i/axi_hmac_0/inst/reg_key[2][31]_i_1_n_0                                                                                                              | system_i/axi_hmac_0/inst/u_hmac/u_sha1/ACTIVE_LOW_PR_OUT_DFF[0].FDRE_PER_N                                                                          |                9 |             32 |
|  system_i/processing_system7_0/inst/FCLK_CLK0 | system_i/axi_hmac_0/inst/reg_msg[11][31]_i_1_n_0                                                                                                             | system_i/axi_hmac_0/inst/u_hmac/u_sha1/ACTIVE_LOW_PR_OUT_DFF[0].FDRE_PER_N                                                                          |               11 |             32 |
|  system_i/processing_system7_0/inst/FCLK_CLK0 | system_i/axi_hmac_0/inst/reg_msg[12][31]_i_1_n_0                                                                                                             | system_i/axi_hmac_0/inst/u_hmac/u_sha1/ACTIVE_LOW_PR_OUT_DFF[0].FDRE_PER_N                                                                          |               10 |             32 |
|  system_i/processing_system7_0/inst/FCLK_CLK0 | system_i/axi_hmac_0/inst/reg_key[9][31]_i_1_n_0                                                                                                              | system_i/axi_hmac_0/inst/u_hmac/u_sha1/ACTIVE_LOW_PR_OUT_DFF[0].FDRE_PER_N                                                                          |               14 |             32 |
|  system_i/processing_system7_0/inst/FCLK_CLK0 | system_i/axi_hmac_0/inst/reg_msg[13][31]_i_1_n_0                                                                                                             | system_i/axi_hmac_0/inst/u_hmac/u_sha1/ACTIVE_LOW_PR_OUT_DFF[0].FDRE_PER_N                                                                          |               12 |             32 |
|  system_i/processing_system7_0/inst/FCLK_CLK0 | system_i/axi_hmac_0/inst/reg_msg[10][31]_i_1_n_0                                                                                                             | system_i/axi_hmac_0/inst/u_hmac/u_sha1/ACTIVE_LOW_PR_OUT_DFF[0].FDRE_PER_N                                                                          |               13 |             32 |
|  system_i/processing_system7_0/inst/FCLK_CLK0 | system_i/axi_aes_0/inst/reg_din[2][31]_i_1_n_0                                                                                                               | system_i/axi_aes_0/inst/u_aes/p_0_in                                                                                                                |                9 |             32 |
|  system_i/processing_system7_0/inst/FCLK_CLK0 | system_i/axi_hmac_0/inst/reg_key[3][31]_i_1_n_0                                                                                                              | system_i/axi_hmac_0/inst/u_hmac/u_sha1/ACTIVE_LOW_PR_OUT_DFF[0].FDRE_PER_N                                                                          |               14 |             32 |
|  system_i/processing_system7_0/inst/FCLK_CLK0 | system_i/ps7_0_axi_periph/s00_couplers/auto_pc/inst/gen_axilite.gen_b2s_conv.axilite_b2s/RD.r_channel_0/rd_data_fifo_0/wr_en0                                |                                                                                                                                                     |                9 |             34 |
|  system_i/processing_system7_0/inst/FCLK_CLK0 | system_i/ps7_0_axi_periph/xbar/inst/gen_sasd.crossbar_sasd_0/addr_arbiter_inst/E[0]                                                                          |                                                                                                                                                     |                8 |             35 |
|  system_i/processing_system7_0/inst/FCLK_CLK0 | system_i/ps7_0_axi_periph/s00_couplers/auto_pc/inst/gen_axilite.gen_b2s_conv.axilite_b2s/RD.ar_channel_0/ar_cmd_fsm_0/FSM_sequential_state_reg[1]_3[0]       |                                                                                                                                                     |               10 |             44 |
|  system_i/processing_system7_0/inst/FCLK_CLK0 | system_i/ps7_0_axi_periph/s00_couplers/auto_pc/inst/gen_axilite.gen_b2s_conv.axilite_b2s/SI_REG/ar.ar_pipe/s_ready_i_reg_0                                   |                                                                                                                                                     |                7 |             44 |
|  system_i/processing_system7_0/inst/FCLK_CLK0 | system_i/ps7_0_axi_periph/s00_couplers/auto_pc/inst/gen_axilite.gen_b2s_conv.axilite_b2s/SI_REG/aw.aw_pipe/s_ready_i_reg_0                                   |                                                                                                                                                     |                8 |             44 |
|  system_i/processing_system7_0/inst/FCLK_CLK0 | system_i/ps7_0_axi_periph/s00_couplers/auto_pc/inst/gen_axilite.gen_b2s_conv.axilite_b2s/WR.aw_channel_0/aw_cmd_fsm_0/m_valid_i_reg[0]                       |                                                                                                                                                     |                7 |             44 |
|  system_i/processing_system7_0/inst/FCLK_CLK0 | system_i/ps7_0_axi_periph/s00_couplers/auto_pc/inst/gen_axilite.gen_b2s_conv.axilite_b2s/SI_REG/r.r_pipe/p_1_in                                              |                                                                                                                                                     |               11 |             47 |
|  system_i/processing_system7_0/inst/FCLK_CLK0 | system_i/ps7_0_axi_periph/s00_couplers/auto_pc/inst/gen_axilite.gen_b2s_conv.axilite_b2s/SI_REG/r.r_pipe/s_ready_i_reg_0                                     |                                                                                                                                                     |               15 |             47 |
|  system_i/processing_system7_0/inst/FCLK_CLK0 | system_i/axi_aes_0/inst/u_aes/u_cbc/output_latch                                                                                                             | system_i/axi_aes_0/inst/u_aes/p_0_in                                                                                                                |               31 |            128 |
|  system_i/processing_system7_0/inst/FCLK_CLK0 | system_i/axi_aes_0/inst/u_aes/u_cbc/cipher_in_save_0                                                                                                         | system_i/axi_aes_0/inst/u_aes/p_0_in                                                                                                                |               40 |            128 |
|  system_i/processing_system7_0/inst/FCLK_CLK0 | system_i/axi_aes_0/inst/u_aes/u_key_expand/rk[1][127]_i_1_n_0                                                                                                |                                                                                                                                                     |               77 |            128 |
|  system_i/processing_system7_0/inst/FCLK_CLK0 | system_i/axi_aes_0/inst/u_aes/u_key_expand/rk[10][127]_i_1_n_0                                                                                               |                                                                                                                                                     |               90 |            128 |
|  system_i/processing_system7_0/inst/FCLK_CLK0 | system_i/axi_aes_0/inst/u_aes/u_key_expand/rk[0][127]_i_1_n_0                                                                                                |                                                                                                                                                     |               50 |            128 |
|  system_i/processing_system7_0/inst/FCLK_CLK0 | system_i/axi_aes_0/inst/u_aes/u_cbc/chain_val[127]_i_1_n_0                                                                                                   | system_i/axi_aes_0/inst/u_aes/p_0_in                                                                                                                |               47 |            128 |
|  system_i/processing_system7_0/inst/FCLK_CLK0 | system_i/axi_aes_0/inst/u_aes/u_key_expand/rk[4][127]_i_1_n_0                                                                                                |                                                                                                                                                     |               67 |            128 |
|  system_i/processing_system7_0/inst/FCLK_CLK0 | system_i/axi_aes_0/inst/u_aes/u_key_expand/rk[2][127]_i_1_n_0                                                                                                |                                                                                                                                                     |               91 |            128 |
|  system_i/processing_system7_0/inst/FCLK_CLK0 | system_i/axi_aes_0/inst/u_aes/u_key_expand/rk[8][127]_i_1_n_0                                                                                                |                                                                                                                                                     |               64 |            128 |
|  system_i/processing_system7_0/inst/FCLK_CLK0 | system_i/axi_aes_0/inst/u_aes/u_key_expand/rk[5][127]_i_1_n_0                                                                                                |                                                                                                                                                     |               77 |            128 |
|  system_i/processing_system7_0/inst/FCLK_CLK0 | system_i/axi_aes_0/inst/u_aes/u_key_expand/rk[9][127]_i_1_n_0                                                                                                |                                                                                                                                                     |               79 |            128 |
|  system_i/processing_system7_0/inst/FCLK_CLK0 | system_i/axi_aes_0/inst/u_aes/u_key_expand/rk[6][127]_i_1_n_0                                                                                                |                                                                                                                                                     |               96 |            128 |
|  system_i/processing_system7_0/inst/FCLK_CLK0 | system_i/axi_aes_0/inst/u_aes/u_key_expand/rk[3][127]_i_1_n_0                                                                                                |                                                                                                                                                     |               72 |            128 |
|  system_i/processing_system7_0/inst/FCLK_CLK0 | system_i/axi_aes_0/inst/u_aes/u_key_expand/rk[7][127]_i_1_n_0                                                                                                |                                                                                                                                                     |               75 |            128 |
|  system_i/processing_system7_0/inst/FCLK_CLK0 | system_i/axi_aes_0/inst/u_aes/u_aes_core/state_matrix                                                                                                        | system_i/axi_aes_0/inst/u_aes/p_0_in                                                                                                                |              105 |            128 |
|  system_i/processing_system7_0/inst/FCLK_CLK0 | system_i/axi_aes_0/inst/u_aes/u_aes_core/FSM_onehot_state_reg_n_0_[2]                                                                                        | system_i/axi_aes_0/inst/u_aes/p_0_in                                                                                                                |               52 |            128 |
|  system_i/processing_system7_0/inst/FCLK_CLK0 | system_i/axi_aes_0/inst/u_aes/u_cbc/aes_start_i_1_n_0                                                                                                        | system_i/axi_aes_0/inst/u_aes/p_0_in                                                                                                                |               36 |            133 |
|  system_i/processing_system7_0/inst/FCLK_CLK0 |                                                                                                                                                              |                                                                                                                                                     |               54 |            150 |
|  system_i/processing_system7_0/inst/FCLK_CLK0 | system_i/axi_hmac_0/inst/u_hmac/u_sha1/FSM_sequential_state_reg[2]_rep[0]                                                                                    | system_i/axi_hmac_0/inst/u_hmac/u_sha1/ACTIVE_LOW_PR_OUT_DFF[0].FDRE_PER_N                                                                          |               50 |            160 |
|  system_i/processing_system7_0/inst/FCLK_CLK0 | system_i/axi_hmac_0/inst/u_hmac/u_sha1/h3[31]_i_1_n_0                                                                                                        | system_i/axi_hmac_0/inst/u_hmac/u_sha1/ACTIVE_LOW_PR_OUT_DFF[0].FDRE_PER_N                                                                          |               24 |            160 |
|  system_i/processing_system7_0/inst/FCLK_CLK0 | system_i/axi_hmac_0/inst/u_hmac/u_sha1/round[6]_i_1_n_0                                                                                                      | system_i/axi_hmac_0/inst/u_hmac/u_sha1/ACTIVE_LOW_PR_OUT_DFF[0].FDRE_PER_N                                                                          |               67 |            175 |
|  system_i/processing_system7_0/inst/FCLK_CLK0 | system_i/axi_hmac_0/inst/u_hmac/u_sha1/E[0]                                                                                                                  | system_i/axi_hmac_0/inst/u_hmac/u_sha1/ACTIVE_LOW_PR_OUT_DFF[0].FDRE_PER_N                                                                          |              163 |            512 |
+-----------------------------------------------+--------------------------------------------------------------------------------------------------------------------------------------------------------------+-----------------------------------------------------------------------------------------------------------------------------------------------------+------------------+----------------+


